Archive member included to satisfy reference by file (symbol)

/opt/microchip/avr-gcc/bin/../lib/gcc/avr/15.1.0/avr51/libgcc.a(_exit.o)
                              /opt/microchip/avr-gcc/bin/../lib/gcc/avr/15.1.0/../../../../avr/lib/avr51/crtatmega128a.o (exit)
/opt/microchip/avr-gcc/bin/../lib/gcc/avr/15.1.0/avr51/libgcc.a(_umulhisi3.o)
                              /tmp/cc3yc2ft.ltrans0.ltrans.o (__umulhisi3)
/opt/microchip/avr-gcc/bin/../lib/gcc/avr/15.1.0/avr51/libgcc.a(_udivmodqi4.o)
                              /tmp/cc3yc2ft.ltrans0.ltrans.o (__udivmodqi4)
/opt/microchip/avr-gcc/bin/../lib/gcc/avr/15.1.0/avr51/libgcc.a(_udivmodhi4.o)
                              /tmp/cc3yc2ft.ltrans0.ltrans.o (__udivmodhi4)
/opt/microchip/avr-gcc/bin/../lib/gcc/avr/15.1.0/avr51/libgcc.a(_udivmodsi4.o)
                              /tmp/cc3yc2ft.ltrans0.ltrans.o (__udivmodsi4)
/opt/microchip/avr-gcc/bin/../lib/gcc/avr/15.1.0/avr51/libgcc.a(_copy_data.o)
                              /tmp/cc3yc2ft.ltrans0.ltrans.o (__do_copy_data)
/opt/microchip/avr-gcc/bin/../lib/gcc/avr/15.1.0/avr51/libgcc.a(_clear_bss.o)
                              /tmp/cc3yc2ft.ltrans0.ltrans.o (__do_clear_bss)
/opt/microchip/avr-gcc/bin/../lib/gcc/avr/15.1.0/../../../../avr/lib/avr51/libc.a(snprintf.o)
                              /tmp/cc3yc2ft.ltrans0.ltrans.o (snprintf)
/opt/microchip/avr-gcc/bin/../lib/gcc/avr/15.1.0/../../../../avr/lib/avr51/libc.a(vfprintf_std.o)
                              /opt/microchip/avr-gcc/bin/../lib/gcc/avr/15.1.0/../../../../avr/lib/avr51/libc.a(snprintf.o) (vfprintf)
/opt/microchip/avr-gcc/bin/../lib/gcc/avr/15.1.0/../../../../avr/lib/avr51/libc.a(strnlen_P.o)
                              /opt/microchip/avr-gcc/bin/../lib/gcc/avr/15.1.0/../../../../avr/lib/avr51/libc.a(vfprintf_std.o) (strnlen_P)
/opt/microchip/avr-gcc/bin/../lib/gcc/avr/15.1.0/../../../../avr/lib/avr51/libc.a(strnlen.o)
                              /opt/microchip/avr-gcc/bin/../lib/gcc/avr/15.1.0/../../../../avr/lib/avr51/libc.a(vfprintf_std.o) (strnlen)
/opt/microchip/avr-gcc/bin/../lib/gcc/avr/15.1.0/../../../../avr/lib/avr51/libc.a(fputc.o)
                              /opt/microchip/avr-gcc/bin/../lib/gcc/avr/15.1.0/../../../../avr/lib/avr51/libc.a(vfprintf_std.o) (fputc)
/opt/microchip/avr-gcc/bin/../lib/gcc/avr/15.1.0/../../../../avr/lib/avr51/libc.a(ultoa_invert.o)
                              /opt/microchip/avr-gcc/bin/../lib/gcc/avr/15.1.0/../../../../avr/lib/avr51/libc.a(vfprintf_std.o) (__ultoa_invert)
/opt/microchip/avr-gcc/bin/../lib/gcc/avr/15.1.0/avr51/libgcc.a(_negsi2.o)
                              /opt/microchip/avr-gcc/bin/../lib/gcc/avr/15.1.0/../../../../avr/lib/avr51/libc.a(vfprintf_std.o) (__negsi2)

Discarded input sections

 .data          0x00000000        0x0 /opt/microchip/avr-gcc/bin/../lib/gcc/avr/15.1.0/../../../../avr/lib/avr51/crtatmega128a.o
 .bss           0x00000000        0x0 /opt/microchip/avr-gcc/bin/../lib/gcc/avr/15.1.0/../../../../avr/lib/avr51/crtatmega128a.o
 .group         0x00000000        0xc /tmp/ccaUF6Dc.debug.temp.o
 .group         0x00000000        0xc /tmp/ccaUF6Dc.debug.temp.o
 .group         0x00000000        0xc /tmp/ccaUF6Dc.debug.temp.o
 .group         0x00000000        0xc /tmp/ccaUF6Dc.debug.temp.o
 .group         0x00000000        0xc /tmp/ccaUF6Dc.debug.temp.o
 .group         0x00000000        0xc /tmp/ccaUF6Dc.debug.temp.o
 .group         0x00000000        0xc /tmp/ccaUF6Dc.debug.temp.o
 .group         0x00000000        0xc /tmp/ccaUF6Dc.debug.temp.o
 .group         0x00000000        0xc /tmp/ccaUF6Dc.debug.temp.o
 .group         0x00000000        0xc /tmp/ccaUF6Dc.debug.temp.o
 .group         0x00000000        0xc /tmp/ccaUF6Dc.debug.temp.o
 .group         0x00000000        0xc /tmp/ccaUF6Dc.debug.temp.o
 .group         0x00000000        0xc /tmp/ccaUF6Dc.debug.temp.o
 .comment       0x00000000       0x30 /tmp/ccaUF6Dc.debug.temp.o
 .group         0x00000000        0xc /tmp/ccbY9rHV.debug.temp.o
 .group         0x00000000        0xc /tmp/ccbY9rHV.debug.temp.o
 .group         0x00000000        0xc /tmp/ccbY9rHV.debug.temp.o
 .group         0x00000000        0xc /tmp/ccbY9rHV.debug.temp.o
 .group         0x00000000        0xc /tmp/ccbY9rHV.debug.temp.o
 .group         0x00000000        0xc /tmp/ccbY9rHV.debug.temp.o
 .group         0x00000000        0xc /tmp/ccbY9rHV.debug.temp.o
 .group         0x00000000        0xc /tmp/ccbY9rHV.debug.temp.o
 .group         0x00000000        0xc /tmp/ccbY9rHV.debug.temp.o
 .group         0x00000000        0xc /tmp/ccbY9rHV.debug.temp.o
 .group         0x00000000        0xc /tmp/ccbY9rHV.debug.temp.o
 .group         0x00000000        0xc /tmp/ccbY9rHV.debug.temp.o
 .group         0x00000000        0xc /tmp/ccbY9rHV.debug.temp.o
 .group         0x00000000        0xc /tmp/ccbY9rHV.debug.temp.o
 .debug_macro   0x00000000      0xc46 /tmp/ccbY9rHV.debug.temp.o
 .debug_macro   0x00000000       0x10 /tmp/ccbY9rHV.debug.temp.o
 .debug_macro   0x00000000      0x1c9 /tmp/ccbY9rHV.debug.temp.o
 .debug_macro   0x00000000      0x2fd /tmp/ccbY9rHV.debug.temp.o
 .debug_macro   0x00000000       0x9e /tmp/ccbY9rHV.debug.temp.o
 .debug_macro   0x00000000     0x138f /tmp/ccbY9rHV.debug.temp.o
 .debug_macro   0x00000000      0x204 /tmp/ccbY9rHV.debug.temp.o
 .debug_macro   0x00000000       0xcb /tmp/ccbY9rHV.debug.temp.o
 .debug_macro   0x00000000       0x34 /tmp/ccbY9rHV.debug.temp.o
 .debug_macro   0x00000000       0x18 /tmp/ccbY9rHV.debug.temp.o
 .debug_macro   0x00000000       0x6c /tmp/ccbY9rHV.debug.temp.o
 .debug_macro   0x00000000       0x94 /tmp/ccbY9rHV.debug.temp.o
 .debug_macro   0x00000000       0xd0 /tmp/ccbY9rHV.debug.temp.o
 .comment       0x00000000       0x30 /tmp/ccbY9rHV.debug.temp.o
 .group         0x00000000        0xc /tmp/ccKN92fg.debug.temp.o
 .group         0x00000000        0xc /tmp/ccKN92fg.debug.temp.o
 .group         0x00000000        0xc /tmp/ccKN92fg.debug.temp.o
 .group         0x00000000        0xc /tmp/ccKN92fg.debug.temp.o
 .group         0x00000000        0xc /tmp/ccKN92fg.debug.temp.o
 .group         0x00000000        0xc /tmp/ccKN92fg.debug.temp.o
 .group         0x00000000        0xc /tmp/ccKN92fg.debug.temp.o
 .group         0x00000000        0xc /tmp/ccKN92fg.debug.temp.o
 .group         0x00000000        0xc /tmp/ccKN92fg.debug.temp.o
 .group         0x00000000        0xc /tmp/ccKN92fg.debug.temp.o
 .group         0x00000000        0xc /tmp/ccKN92fg.debug.temp.o
 .group         0x00000000        0xc /tmp/ccKN92fg.debug.temp.o
 .group         0x00000000        0xc /tmp/ccKN92fg.debug.temp.o
 .group         0x00000000        0xc /tmp/ccKN92fg.debug.temp.o
 .debug_macro   0x00000000      0xc46 /tmp/ccKN92fg.debug.temp.o
 .debug_macro   0x00000000       0x10 /tmp/ccKN92fg.debug.temp.o
 .debug_macro   0x00000000      0x1c9 /tmp/ccKN92fg.debug.temp.o
 .debug_macro   0x00000000      0x2fd /tmp/ccKN92fg.debug.temp.o
 .debug_macro   0x00000000       0x9e /tmp/ccKN92fg.debug.temp.o
 .debug_macro   0x00000000     0x138f /tmp/ccKN92fg.debug.temp.o
 .debug_macro   0x00000000      0x204 /tmp/ccKN92fg.debug.temp.o
 .debug_macro   0x00000000       0xcb /tmp/ccKN92fg.debug.temp.o
 .debug_macro   0x00000000       0x34 /tmp/ccKN92fg.debug.temp.o
 .debug_macro   0x00000000       0x18 /tmp/ccKN92fg.debug.temp.o
 .debug_macro   0x00000000       0x6c /tmp/ccKN92fg.debug.temp.o
 .debug_macro   0x00000000       0x94 /tmp/ccKN92fg.debug.temp.o
 .debug_macro   0x00000000       0xd0 /tmp/ccKN92fg.debug.temp.o
 .comment       0x00000000       0x30 /tmp/ccKN92fg.debug.temp.o
 .group         0x00000000        0xc /tmp/ccu5OUXC.debug.temp.o
 .group         0x00000000        0xc /tmp/ccu5OUXC.debug.temp.o
 .group         0x00000000        0xc /tmp/ccu5OUXC.debug.temp.o
 .group         0x00000000        0xc /tmp/ccu5OUXC.debug.temp.o
 .group         0x00000000        0xc /tmp/ccu5OUXC.debug.temp.o
 .group         0x00000000        0xc /tmp/ccu5OUXC.debug.temp.o
 .group         0x00000000        0xc /tmp/ccu5OUXC.debug.temp.o
 .group         0x00000000        0xc /tmp/ccu5OUXC.debug.temp.o
 .group         0x00000000        0xc /tmp/ccu5OUXC.debug.temp.o
 .group         0x00000000        0xc /tmp/ccu5OUXC.debug.temp.o
 .group         0x00000000        0xc /tmp/ccu5OUXC.debug.temp.o
 .group         0x00000000        0xc /tmp/ccu5OUXC.debug.temp.o
 .group         0x00000000        0xc /tmp/ccu5OUXC.debug.temp.o
 .group         0x00000000        0xc /tmp/ccu5OUXC.debug.temp.o
 .debug_macro   0x00000000      0xc46 /tmp/ccu5OUXC.debug.temp.o
 .debug_macro   0x00000000       0x10 /tmp/ccu5OUXC.debug.temp.o
 .debug_macro   0x00000000      0x1c9 /tmp/ccu5OUXC.debug.temp.o
 .debug_macro   0x00000000      0x2fd /tmp/ccu5OUXC.debug.temp.o
 .debug_macro   0x00000000       0x9e /tmp/ccu5OUXC.debug.temp.o
 .debug_macro   0x00000000     0x138f /tmp/ccu5OUXC.debug.temp.o
 .debug_macro   0x00000000      0x204 /tmp/ccu5OUXC.debug.temp.o
 .debug_macro   0x00000000       0xcb /tmp/ccu5OUXC.debug.temp.o
 .debug_macro   0x00000000       0x34 /tmp/ccu5OUXC.debug.temp.o
 .debug_macro   0x00000000       0x18 /tmp/ccu5OUXC.debug.temp.o
 .debug_macro   0x00000000       0x6c /tmp/ccu5OUXC.debug.temp.o
 .debug_macro   0x00000000       0x94 /tmp/ccu5OUXC.debug.temp.o
 .debug_macro   0x00000000       0xd0 /tmp/ccu5OUXC.debug.temp.o
 .debug_macro   0x00000000       0x7d /tmp/ccu5OUXC.debug.temp.o
 .comment       0x00000000       0x30 /tmp/ccu5OUXC.debug.temp.o
 .group         0x00000000        0xc /tmp/cc2m0feI.debug.temp.o
 .group         0x00000000        0xc /tmp/cc2m0feI.debug.temp.o
 .group         0x00000000        0xc /tmp/cc2m0feI.debug.temp.o
 .group         0x00000000        0xc /tmp/cc2m0feI.debug.temp.o
 .group         0x00000000        0xc /tmp/cc2m0feI.debug.temp.o
 .group         0x00000000        0xc /tmp/cc2m0feI.debug.temp.o
 .group         0x00000000        0xc /tmp/cc2m0feI.debug.temp.o
 .group         0x00000000        0xc /tmp/cc2m0feI.debug.temp.o
 .group         0x00000000        0xc /tmp/cc2m0feI.debug.temp.o
 .group         0x00000000        0xc /tmp/cc2m0feI.debug.temp.o
 .group         0x00000000        0xc /tmp/cc2m0feI.debug.temp.o
 .group         0x00000000        0xc /tmp/cc2m0feI.debug.temp.o
 .group         0x00000000        0xc /tmp/cc2m0feI.debug.temp.o
 .group         0x00000000        0xc /tmp/cc2m0feI.debug.temp.o
 .group         0x00000000        0xc /tmp/cc2m0feI.debug.temp.o
 .debug_macro   0x00000000      0xc46 /tmp/cc2m0feI.debug.temp.o
 .debug_macro   0x00000000       0x10 /tmp/cc2m0feI.debug.temp.o
 .debug_macro   0x00000000      0x1c9 /tmp/cc2m0feI.debug.temp.o
 .debug_macro   0x00000000      0x2fd /tmp/cc2m0feI.debug.temp.o
 .debug_macro   0x00000000       0x9e /tmp/cc2m0feI.debug.temp.o
 .debug_macro   0x00000000     0x138f /tmp/cc2m0feI.debug.temp.o
 .debug_macro   0x00000000      0x204 /tmp/cc2m0feI.debug.temp.o
 .debug_macro   0x00000000       0xcb /tmp/cc2m0feI.debug.temp.o
 .debug_macro   0x00000000       0x34 /tmp/cc2m0feI.debug.temp.o
 .debug_macro   0x00000000       0x18 /tmp/cc2m0feI.debug.temp.o
 .debug_macro   0x00000000       0x6c /tmp/cc2m0feI.debug.temp.o
 .debug_macro   0x00000000       0x7d /tmp/cc2m0feI.debug.temp.o
 .debug_macro   0x00000000       0x94 /tmp/cc2m0feI.debug.temp.o
 .debug_macro   0x00000000       0xd0 /tmp/cc2m0feI.debug.temp.o
 .comment       0x00000000       0x30 /tmp/cc2m0feI.debug.temp.o
 .group         0x00000000        0xc /tmp/ccGqzWV4.debug.temp.o
 .group         0x00000000        0xc /tmp/ccGqzWV4.debug.temp.o
 .group         0x00000000        0xc /tmp/ccGqzWV4.debug.temp.o
 .group         0x00000000        0xc /tmp/ccGqzWV4.debug.temp.o
 .group         0x00000000        0xc /tmp/ccGqzWV4.debug.temp.o
 .group         0x00000000        0xc /tmp/ccGqzWV4.debug.temp.o
 .group         0x00000000        0xc /tmp/ccGqzWV4.debug.temp.o
 .group         0x00000000        0xc /tmp/ccGqzWV4.debug.temp.o
 .group         0x00000000        0xc /tmp/ccGqzWV4.debug.temp.o
 .group         0x00000000        0xc /tmp/ccGqzWV4.debug.temp.o
 .group         0x00000000        0xc /tmp/ccGqzWV4.debug.temp.o
 .group         0x00000000        0xc /tmp/ccGqzWV4.debug.temp.o
 .group         0x00000000        0xc /tmp/ccGqzWV4.debug.temp.o
 .debug_macro   0x00000000      0xc46 /tmp/ccGqzWV4.debug.temp.o
 .debug_macro   0x00000000      0x1c9 /tmp/ccGqzWV4.debug.temp.o
 .debug_macro   0x00000000       0x94 /tmp/ccGqzWV4.debug.temp.o
 .debug_macro   0x00000000       0x10 /tmp/ccGqzWV4.debug.temp.o
 .debug_macro   0x00000000       0x9e /tmp/ccGqzWV4.debug.temp.o
 .debug_macro   0x00000000     0x138f /tmp/ccGqzWV4.debug.temp.o
 .debug_macro   0x00000000      0x204 /tmp/ccGqzWV4.debug.temp.o
 .debug_macro   0x00000000       0xcb /tmp/ccGqzWV4.debug.temp.o
 .debug_macro   0x00000000       0x34 /tmp/ccGqzWV4.debug.temp.o
 .debug_macro   0x00000000       0x18 /tmp/ccGqzWV4.debug.temp.o
 .debug_macro   0x00000000       0x6c /tmp/ccGqzWV4.debug.temp.o
 .comment       0x00000000       0x30 /tmp/ccGqzWV4.debug.temp.o
 .group         0x00000000        0xc /tmp/ccBLfeuv.debug.temp.o
 .group         0x00000000        0xc /tmp/ccBLfeuv.debug.temp.o
 .group         0x00000000        0xc /tmp/ccBLfeuv.debug.temp.o
 .group         0x00000000        0xc /tmp/ccBLfeuv.debug.temp.o
 .group         0x00000000        0xc /tmp/ccBLfeuv.debug.temp.o
 .group         0x00000000        0xc /tmp/ccBLfeuv.debug.temp.o
 .group         0x00000000        0xc /tmp/ccBLfeuv.debug.temp.o
 .group         0x00000000        0xc /tmp/ccBLfeuv.debug.temp.o
 .group         0x00000000        0xc /tmp/ccBLfeuv.debug.temp.o
 .group         0x00000000        0xc /tmp/ccBLfeuv.debug.temp.o
 .group         0x00000000        0xc /tmp/ccBLfeuv.debug.temp.o
 .group         0x00000000        0xc /tmp/ccBLfeuv.debug.temp.o
 .group         0x00000000        0xc /tmp/ccBLfeuv.debug.temp.o
 .group         0x00000000        0xc /tmp/ccBLfeuv.debug.temp.o
 .group         0x00000000        0xc /tmp/ccBLfeuv.debug.temp.o
 .group         0x00000000        0xc /tmp/ccBLfeuv.debug.temp.o
 .group         0x00000000        0xc /tmp/ccBLfeuv.debug.temp.o
 .group         0x00000000        0xc /tmp/ccBLfeuv.debug.temp.o
 .group         0x00000000        0xc /tmp/ccBLfeuv.debug.temp.o
 .debug_macro   0x00000000      0xc46 /tmp/ccBLfeuv.debug.temp.o
 .debug_macro   0x00000000       0x10 /tmp/ccBLfeuv.debug.temp.o
 .debug_macro   0x00000000      0x1c9 /tmp/ccBLfeuv.debug.temp.o
 .debug_macro   0x00000000      0x2fd /tmp/ccBLfeuv.debug.temp.o
 .debug_macro   0x00000000       0x9e /tmp/ccBLfeuv.debug.temp.o
 .debug_macro   0x00000000     0x138f /tmp/ccBLfeuv.debug.temp.o
 .debug_macro   0x00000000      0x204 /tmp/ccBLfeuv.debug.temp.o
 .debug_macro   0x00000000       0xcb /tmp/ccBLfeuv.debug.temp.o
 .debug_macro   0x00000000       0x34 /tmp/ccBLfeuv.debug.temp.o
 .debug_macro   0x00000000       0x18 /tmp/ccBLfeuv.debug.temp.o
 .debug_macro   0x00000000       0x6c /tmp/ccBLfeuv.debug.temp.o
 .debug_macro   0x00000000       0x16 /tmp/ccBLfeuv.debug.temp.o
 .debug_macro   0x00000000       0x94 /tmp/ccBLfeuv.debug.temp.o
 .debug_macro   0x00000000       0xd0 /tmp/ccBLfeuv.debug.temp.o
 .debug_macro   0x00000000       0x7d /tmp/ccBLfeuv.debug.temp.o
 .comment       0x00000000       0x30 /tmp/ccBLfeuv.debug.temp.o
 .group         0x00000000        0xc /tmp/cchI3PSA.debug.temp.o
 .group         0x00000000        0xc /tmp/cchI3PSA.debug.temp.o
 .group         0x00000000        0xc /tmp/cchI3PSA.debug.temp.o
 .group         0x00000000        0xc /tmp/cchI3PSA.debug.temp.o
 .group         0x00000000        0xc /tmp/cchI3PSA.debug.temp.o
 .group         0x00000000        0xc /tmp/cchI3PSA.debug.temp.o
 .group         0x00000000        0xc /tmp/cchI3PSA.debug.temp.o
 .group         0x00000000        0xc /tmp/cchI3PSA.debug.temp.o
 .group         0x00000000        0xc /tmp/cchI3PSA.debug.temp.o
 .group         0x00000000        0xc /tmp/cchI3PSA.debug.temp.o
 .group         0x00000000        0xc /tmp/cchI3PSA.debug.temp.o
 .group         0x00000000        0xc /tmp/cchI3PSA.debug.temp.o
 .group         0x00000000        0xc /tmp/cchI3PSA.debug.temp.o
 .group         0x00000000        0xc /tmp/cchI3PSA.debug.temp.o
 .group         0x00000000        0xc /tmp/cchI3PSA.debug.temp.o
 .group         0x00000000        0xc /tmp/cchI3PSA.debug.temp.o
 .group         0x00000000        0xc /tmp/cchI3PSA.debug.temp.o
 .group         0x00000000        0xc /tmp/cchI3PSA.debug.temp.o
 .group         0x00000000        0xc /tmp/cchI3PSA.debug.temp.o
 .group         0x00000000        0xc /tmp/cchI3PSA.debug.temp.o
 .debug_info    0x00000000       0xed /tmp/cchI3PSA.debug.temp.o
 .debug_abbrev  0x00000000       0xbe /tmp/cchI3PSA.debug.temp.o
 .debug_macro   0x00000000       0xe8 /tmp/cchI3PSA.debug.temp.o
 .debug_macro   0x00000000      0xc46 /tmp/cchI3PSA.debug.temp.o
 .debug_macro   0x00000000      0x1c9 /tmp/cchI3PSA.debug.temp.o
 .debug_macro   0x00000000      0x2fd /tmp/cchI3PSA.debug.temp.o
 .debug_macro   0x00000000       0x58 /tmp/cchI3PSA.debug.temp.o
 .debug_macro   0x00000000       0x10 /tmp/cchI3PSA.debug.temp.o
 .debug_macro   0x00000000       0x9e /tmp/cchI3PSA.debug.temp.o
 .debug_macro   0x00000000       0xf2 /tmp/cchI3PSA.debug.temp.o
 .debug_macro   0x00000000       0x22 /tmp/cchI3PSA.debug.temp.o
 .debug_macro   0x00000000       0x1c /tmp/cchI3PSA.debug.temp.o
 .debug_macro   0x00000000       0x9e /tmp/cchI3PSA.debug.temp.o
 .debug_macro   0x00000000       0x5f /tmp/cchI3PSA.debug.temp.o
 .debug_macro   0x00000000       0xaa /tmp/cchI3PSA.debug.temp.o
 .debug_macro   0x00000000     0x138f /tmp/cchI3PSA.debug.temp.o
 .debug_macro   0x00000000      0x204 /tmp/cchI3PSA.debug.temp.o
 .debug_macro   0x00000000       0xcb /tmp/cchI3PSA.debug.temp.o
 .debug_macro   0x00000000       0x34 /tmp/cchI3PSA.debug.temp.o
 .debug_macro   0x00000000       0x18 /tmp/cchI3PSA.debug.temp.o
 .debug_macro   0x00000000       0x6c /tmp/cchI3PSA.debug.temp.o
 .debug_macro   0x00000000       0x10 /tmp/cchI3PSA.debug.temp.o
 .debug_macro   0x00000000       0xd0 /tmp/cchI3PSA.debug.temp.o
 .debug_line    0x00000000       0xae /tmp/cchI3PSA.debug.temp.o
 .debug_str     0x00000000     0x7d59 /tmp/cchI3PSA.debug.temp.o
 .debug_line_str
                0x00000000      0x1e9 /tmp/cchI3PSA.debug.temp.o
 .comment       0x00000000       0x30 /tmp/cchI3PSA.debug.temp.o
 .group         0x00000000        0xc /tmp/ccWa4x3n.debug.temp.o
 .group         0x00000000        0xc /tmp/ccWa4x3n.debug.temp.o
 .group         0x00000000        0xc /tmp/ccWa4x3n.debug.temp.o
 .group         0x00000000        0xc /tmp/ccWa4x3n.debug.temp.o
 .group         0x00000000        0xc /tmp/ccWa4x3n.debug.temp.o
 .group         0x00000000        0xc /tmp/ccWa4x3n.debug.temp.o
 .group         0x00000000        0xc /tmp/ccWa4x3n.debug.temp.o
 .group         0x00000000        0xc /tmp/ccWa4x3n.debug.temp.o
 .group         0x00000000        0xc /tmp/ccWa4x3n.debug.temp.o
 .group         0x00000000        0xc /tmp/ccWa4x3n.debug.temp.o
 .group         0x00000000        0xc /tmp/ccWa4x3n.debug.temp.o
 .group         0x00000000        0xc /tmp/ccWa4x3n.debug.temp.o
 .group         0x00000000        0xc /tmp/ccWa4x3n.debug.temp.o
 .group         0x00000000        0xc /tmp/ccWa4x3n.debug.temp.o
 .group         0x00000000        0xc /tmp/ccWa4x3n.debug.temp.o
 .group         0x00000000        0xc /tmp/ccWa4x3n.debug.temp.o
 .group         0x00000000        0xc /tmp/ccWa4x3n.debug.temp.o
 .group         0x00000000        0xc /tmp/ccWa4x3n.debug.temp.o
 .debug_macro   0x00000000      0xc46 /tmp/ccWa4x3n.debug.temp.o
 .debug_macro   0x00000000      0x1c9 /tmp/ccWa4x3n.debug.temp.o
 .debug_macro   0x00000000       0x16 /tmp/ccWa4x3n.debug.temp.o
 .debug_macro   0x00000000      0x303 /tmp/ccWa4x3n.debug.temp.o
 .debug_macro   0x00000000       0xaa /tmp/ccWa4x3n.debug.temp.o
 .debug_macro   0x00000000     0x138f /tmp/ccWa4x3n.debug.temp.o
 .debug_macro   0x00000000      0x204 /tmp/ccWa4x3n.debug.temp.o
 .debug_macro   0x00000000       0xcb /tmp/ccWa4x3n.debug.temp.o
 .debug_macro   0x00000000       0x34 /tmp/ccWa4x3n.debug.temp.o
 .debug_macro   0x00000000       0x18 /tmp/ccWa4x3n.debug.temp.o
 .debug_macro   0x00000000       0x6c /tmp/ccWa4x3n.debug.temp.o
 .debug_macro   0x00000000       0x94 /tmp/ccWa4x3n.debug.temp.o
 .debug_macro   0x00000000       0xd0 /tmp/ccWa4x3n.debug.temp.o
 .debug_macro   0x00000000       0x58 /tmp/ccWa4x3n.debug.temp.o
 .debug_macro   0x00000000       0x10 /tmp/ccWa4x3n.debug.temp.o
 .debug_macro   0x00000000       0x9e /tmp/ccWa4x3n.debug.temp.o
 .debug_macro   0x00000000       0xf2 /tmp/ccWa4x3n.debug.temp.o
 .debug_macro   0x00000000       0x7d /tmp/ccWa4x3n.debug.temp.o
 .comment       0x00000000       0x30 /tmp/ccWa4x3n.debug.temp.o
 .group         0x00000000        0xc /tmp/ccWHNT0k.debug.temp.o
 .group         0x00000000        0xc /tmp/ccWHNT0k.debug.temp.o
 .group         0x00000000        0xc /tmp/ccWHNT0k.debug.temp.o
 .group         0x00000000        0xc /tmp/ccWHNT0k.debug.temp.o
 .group         0x00000000        0xc /tmp/ccWHNT0k.debug.temp.o
 .group         0x00000000        0xc /tmp/ccWHNT0k.debug.temp.o
 .group         0x00000000        0xc /tmp/ccWHNT0k.debug.temp.o
 .group         0x00000000        0xc /tmp/ccWHNT0k.debug.temp.o
 .group         0x00000000        0xc /tmp/ccWHNT0k.debug.temp.o
 .group         0x00000000        0xc /tmp/ccWHNT0k.debug.temp.o
 .group         0x00000000        0xc /tmp/ccWHNT0k.debug.temp.o
 .group         0x00000000        0xc /tmp/ccWHNT0k.debug.temp.o
 .group         0x00000000        0xc /tmp/ccWHNT0k.debug.temp.o
 .debug_macro   0x00000000      0xc46 /tmp/ccWHNT0k.debug.temp.o
 .debug_macro   0x00000000      0x1c9 /tmp/ccWHNT0k.debug.temp.o
 .debug_macro   0x00000000       0x94 /tmp/ccWHNT0k.debug.temp.o
 .debug_macro   0x00000000       0x10 /tmp/ccWHNT0k.debug.temp.o
 .debug_macro   0x00000000      0x303 /tmp/ccWHNT0k.debug.temp.o
 .debug_macro   0x00000000       0x9e /tmp/ccWHNT0k.debug.temp.o
 .debug_macro   0x00000000     0x138f /tmp/ccWHNT0k.debug.temp.o
 .debug_macro   0x00000000      0x204 /tmp/ccWHNT0k.debug.temp.o
 .debug_macro   0x00000000       0xcb /tmp/ccWHNT0k.debug.temp.o
 .debug_macro   0x00000000       0x34 /tmp/ccWHNT0k.debug.temp.o
 .debug_macro   0x00000000       0x18 /tmp/ccWHNT0k.debug.temp.o
 .debug_macro   0x00000000       0x6c /tmp/ccWHNT0k.debug.temp.o
 .debug_macro   0x00000000       0xca /tmp/ccWHNT0k.debug.temp.o
 .comment       0x00000000       0x30 /tmp/ccWHNT0k.debug.temp.o
 .group         0x00000000        0xc /tmp/ccSsrrED.debug.temp.o
 .group         0x00000000        0xc /tmp/ccSsrrED.debug.temp.o
 .group         0x00000000        0xc /tmp/ccSsrrED.debug.temp.o
 .group         0x00000000        0xc /tmp/ccSsrrED.debug.temp.o
 .group         0x00000000        0xc /tmp/ccSsrrED.debug.temp.o
 .group         0x00000000        0xc /tmp/ccSsrrED.debug.temp.o
 .group         0x00000000        0xc /tmp/ccSsrrED.debug.temp.o
 .group         0x00000000        0xc /tmp/ccSsrrED.debug.temp.o
 .group         0x00000000        0xc /tmp/ccSsrrED.debug.temp.o
 .group         0x00000000        0xc /tmp/ccSsrrED.debug.temp.o
 .group         0x00000000        0xc /tmp/ccSsrrED.debug.temp.o
 .group         0x00000000        0xc /tmp/ccSsrrED.debug.temp.o
 .group         0x00000000        0xc /tmp/ccSsrrED.debug.temp.o
 .debug_macro   0x00000000      0xc46 /tmp/ccSsrrED.debug.temp.o
 .debug_macro   0x00000000      0x1c9 /tmp/ccSsrrED.debug.temp.o
 .debug_macro   0x00000000       0x10 /tmp/ccSsrrED.debug.temp.o
 .debug_macro   0x00000000      0x303 /tmp/ccSsrrED.debug.temp.o
 .debug_macro   0x00000000       0x9e /tmp/ccSsrrED.debug.temp.o
 .debug_macro   0x00000000     0x138f /tmp/ccSsrrED.debug.temp.o
 .debug_macro   0x00000000      0x204 /tmp/ccSsrrED.debug.temp.o
 .debug_macro   0x00000000       0xcb /tmp/ccSsrrED.debug.temp.o
 .debug_macro   0x00000000       0x34 /tmp/ccSsrrED.debug.temp.o
 .debug_macro   0x00000000       0x18 /tmp/ccSsrrED.debug.temp.o
 .debug_macro   0x00000000       0x6c /tmp/ccSsrrED.debug.temp.o
 .debug_macro   0x00000000       0x7d /tmp/ccSsrrED.debug.temp.o
 .comment       0x00000000       0x30 /tmp/ccSsrrED.debug.temp.o
 .text          0x00000000        0x0 /opt/microchip/avr-gcc/bin/../lib/gcc/avr/15.1.0/avr51/libgcc.a(_exit.o)
 .data          0x00000000        0x0 /opt/microchip/avr-gcc/bin/../lib/gcc/avr/15.1.0/avr51/libgcc.a(_exit.o)
 .bss           0x00000000        0x0 /opt/microchip/avr-gcc/bin/../lib/gcc/avr/15.1.0/avr51/libgcc.a(_exit.o)
 .text.libgcc.mul
                0x00000000        0x0 /opt/microchip/avr-gcc/bin/../lib/gcc/avr/15.1.0/avr51/libgcc.a(_exit.o)
 .text.libgcc.div
                0x00000000        0x0 /opt/microchip/avr-gcc/bin/../lib/gcc/avr/15.1.0/avr51/libgcc.a(_exit.o)
 .text.libgcc   0x00000000        0x0 /opt/microchip/avr-gcc/bin/../lib/gcc/avr/15.1.0/avr51/libgcc.a(_exit.o)
 .text.libgcc.prologue
                0x00000000        0x0 /opt/microchip/avr-gcc/bin/../lib/gcc/avr/15.1.0/avr51/libgcc.a(_exit.o)
 .text.libgcc.builtins
                0x00000000        0x0 /opt/microchip/avr-gcc/bin/../lib/gcc/avr/15.1.0/avr51/libgcc.a(_exit.o)
 .text.libgcc.fmul
                0x00000000        0x0 /opt/microchip/avr-gcc/bin/../lib/gcc/avr/15.1.0/avr51/libgcc.a(_exit.o)
 .text.libgcc.fixed
                0x00000000        0x0 /opt/microchip/avr-gcc/bin/../lib/gcc/avr/15.1.0/avr51/libgcc.a(_exit.o)
 .text          0x00000000        0x0 /opt/microchip/avr-gcc/bin/../lib/gcc/avr/15.1.0/avr51/libgcc.a(_umulhisi3.o)
 .data          0x00000000        0x0 /opt/microchip/avr-gcc/bin/../lib/gcc/avr/15.1.0/avr51/libgcc.a(_umulhisi3.o)
 .bss           0x00000000        0x0 /opt/microchip/avr-gcc/bin/../lib/gcc/avr/15.1.0/avr51/libgcc.a(_umulhisi3.o)
 .text.libgcc.div
                0x00000000        0x0 /opt/microchip/avr-gcc/bin/../lib/gcc/avr/15.1.0/avr51/libgcc.a(_umulhisi3.o)
 .text.libgcc   0x00000000        0x0 /opt/microchip/avr-gcc/bin/../lib/gcc/avr/15.1.0/avr51/libgcc.a(_umulhisi3.o)
 .text.libgcc.prologue
                0x00000000        0x0 /opt/microchip/avr-gcc/bin/../lib/gcc/avr/15.1.0/avr51/libgcc.a(_umulhisi3.o)
 .text.libgcc.builtins
                0x00000000        0x0 /opt/microchip/avr-gcc/bin/../lib/gcc/avr/15.1.0/avr51/libgcc.a(_umulhisi3.o)
 .text.libgcc.fmul
                0x00000000        0x0 /opt/microchip/avr-gcc/bin/../lib/gcc/avr/15.1.0/avr51/libgcc.a(_umulhisi3.o)
 .text.libgcc.fixed
                0x00000000        0x0 /opt/microchip/avr-gcc/bin/../lib/gcc/avr/15.1.0/avr51/libgcc.a(_umulhisi3.o)
 .text          0x00000000        0x0 /opt/microchip/avr-gcc/bin/../lib/gcc/avr/15.1.0/avr51/libgcc.a(_udivmodqi4.o)
 .data          0x00000000        0x0 /opt/microchip/avr-gcc/bin/../lib/gcc/avr/15.1.0/avr51/libgcc.a(_udivmodqi4.o)
 .bss           0x00000000        0x0 /opt/microchip/avr-gcc/bin/../lib/gcc/avr/15.1.0/avr51/libgcc.a(_udivmodqi4.o)
 .text.libgcc.mul
                0x00000000        0x0 /opt/microchip/avr-gcc/bin/../lib/gcc/avr/15.1.0/avr51/libgcc.a(_udivmodqi4.o)
 .text.libgcc   0x00000000        0x0 /opt/microchip/avr-gcc/bin/../lib/gcc/avr/15.1.0/avr51/libgcc.a(_udivmodqi4.o)
 .text.libgcc.prologue
                0x00000000        0x0 /opt/microchip/avr-gcc/bin/../lib/gcc/avr/15.1.0/avr51/libgcc.a(_udivmodqi4.o)
 .text.libgcc.builtins
                0x00000000        0x0 /opt/microchip/avr-gcc/bin/../lib/gcc/avr/15.1.0/avr51/libgcc.a(_udivmodqi4.o)
 .text.libgcc.fmul
                0x00000000        0x0 /opt/microchip/avr-gcc/bin/../lib/gcc/avr/15.1.0/avr51/libgcc.a(_udivmodqi4.o)
 .text.libgcc.fixed
                0x00000000        0x0 /opt/microchip/avr-gcc/bin/../lib/gcc/avr/15.1.0/avr51/libgcc.a(_udivmodqi4.o)
 .text          0x00000000        0x0 /opt/microchip/avr-gcc/bin/../lib/gcc/avr/15.1.0/avr51/libgcc.a(_udivmodhi4.o)
 .data          0x00000000        0x0 /opt/microchip/avr-gcc/bin/../lib/gcc/avr/15.1.0/avr51/libgcc.a(_udivmodhi4.o)
 .bss           0x00000000        0x0 /opt/microchip/avr-gcc/bin/../lib/gcc/avr/15.1.0/avr51/libgcc.a(_udivmodhi4.o)
 .text.libgcc.mul
                0x00000000        0x0 /opt/microchip/avr-gcc/bin/../lib/gcc/avr/15.1.0/avr51/libgcc.a(_udivmodhi4.o)
 .text.libgcc   0x00000000        0x0 /opt/microchip/avr-gcc/bin/../lib/gcc/avr/15.1.0/avr51/libgcc.a(_udivmodhi4.o)
 .text.libgcc.prologue
                0x00000000        0x0 /opt/microchip/avr-gcc/bin/../lib/gcc/avr/15.1.0/avr51/libgcc.a(_udivmodhi4.o)
 .text.libgcc.builtins
                0x00000000        0x0 /opt/microchip/avr-gcc/bin/../lib/gcc/avr/15.1.0/avr51/libgcc.a(_udivmodhi4.o)
 .text.libgcc.fmul
                0x00000000        0x0 /opt/microchip/avr-gcc/bin/../lib/gcc/avr/15.1.0/avr51/libgcc.a(_udivmodhi4.o)
 .text.libgcc.fixed
                0x00000000        0x0 /opt/microchip/avr-gcc/bin/../lib/gcc/avr/15.1.0/avr51/libgcc.a(_udivmodhi4.o)
 .text          0x00000000        0x0 /opt/microchip/avr-gcc/bin/../lib/gcc/avr/15.1.0/avr51/libgcc.a(_udivmodsi4.o)
 .data          0x00000000        0x0 /opt/microchip/avr-gcc/bin/../lib/gcc/avr/15.1.0/avr51/libgcc.a(_udivmodsi4.o)
 .bss           0x00000000        0x0 /opt/microchip/avr-gcc/bin/../lib/gcc/avr/15.1.0/avr51/libgcc.a(_udivmodsi4.o)
 .text.libgcc.mul
                0x00000000        0x0 /opt/microchip/avr-gcc/bin/../lib/gcc/avr/15.1.0/avr51/libgcc.a(_udivmodsi4.o)
 .text.libgcc   0x00000000        0x0 /opt/microchip/avr-gcc/bin/../lib/gcc/avr/15.1.0/avr51/libgcc.a(_udivmodsi4.o)
 .text.libgcc.prologue
                0x00000000        0x0 /opt/microchip/avr-gcc/bin/../lib/gcc/avr/15.1.0/avr51/libgcc.a(_udivmodsi4.o)
 .text.libgcc.builtins
                0x00000000        0x0 /opt/microchip/avr-gcc/bin/../lib/gcc/avr/15.1.0/avr51/libgcc.a(_udivmodsi4.o)
 .text.libgcc.fmul
                0x00000000        0x0 /opt/microchip/avr-gcc/bin/../lib/gcc/avr/15.1.0/avr51/libgcc.a(_udivmodsi4.o)
 .text.libgcc.fixed
                0x00000000        0x0 /opt/microchip/avr-gcc/bin/../lib/gcc/avr/15.1.0/avr51/libgcc.a(_udivmodsi4.o)
 .text          0x00000000        0x0 /opt/microchip/avr-gcc/bin/../lib/gcc/avr/15.1.0/avr51/libgcc.a(_copy_data.o)
 .data          0x00000000        0x0 /opt/microchip/avr-gcc/bin/../lib/gcc/avr/15.1.0/avr51/libgcc.a(_copy_data.o)
 .bss           0x00000000        0x0 /opt/microchip/avr-gcc/bin/../lib/gcc/avr/15.1.0/avr51/libgcc.a(_copy_data.o)
 .text.libgcc.mul
                0x00000000        0x0 /opt/microchip/avr-gcc/bin/../lib/gcc/avr/15.1.0/avr51/libgcc.a(_copy_data.o)
 .text.libgcc.div
                0x00000000        0x0 /opt/microchip/avr-gcc/bin/../lib/gcc/avr/15.1.0/avr51/libgcc.a(_copy_data.o)
 .text.libgcc   0x00000000        0x0 /opt/microchip/avr-gcc/bin/../lib/gcc/avr/15.1.0/avr51/libgcc.a(_copy_data.o)
 .text.libgcc.prologue
                0x00000000        0x0 /opt/microchip/avr-gcc/bin/../lib/gcc/avr/15.1.0/avr51/libgcc.a(_copy_data.o)
 .text.libgcc.builtins
                0x00000000        0x0 /opt/microchip/avr-gcc/bin/../lib/gcc/avr/15.1.0/avr51/libgcc.a(_copy_data.o)
 .text.libgcc.fmul
                0x00000000        0x0 /opt/microchip/avr-gcc/bin/../lib/gcc/avr/15.1.0/avr51/libgcc.a(_copy_data.o)
 .text.libgcc.fixed
                0x00000000        0x0 /opt/microchip/avr-gcc/bin/../lib/gcc/avr/15.1.0/avr51/libgcc.a(_copy_data.o)
 .text          0x00000000        0x0 /opt/microchip/avr-gcc/bin/../lib/gcc/avr/15.1.0/avr51/libgcc.a(_clear_bss.o)
 .data          0x00000000        0x0 /opt/microchip/avr-gcc/bin/../lib/gcc/avr/15.1.0/avr51/libgcc.a(_clear_bss.o)
 .bss           0x00000000        0x0 /opt/microchip/avr-gcc/bin/../lib/gcc/avr/15.1.0/avr51/libgcc.a(_clear_bss.o)
 .text.libgcc.mul
                0x00000000        0x0 /opt/microchip/avr-gcc/bin/../lib/gcc/avr/15.1.0/avr51/libgcc.a(_clear_bss.o)
 .text.libgcc.div
                0x00000000        0x0 /opt/microchip/avr-gcc/bin/../lib/gcc/avr/15.1.0/avr51/libgcc.a(_clear_bss.o)
 .text.libgcc   0x00000000        0x0 /opt/microchip/avr-gcc/bin/../lib/gcc/avr/15.1.0/avr51/libgcc.a(_clear_bss.o)
 .text.libgcc.prologue
                0x00000000        0x0 /opt/microchip/avr-gcc/bin/../lib/gcc/avr/15.1.0/avr51/libgcc.a(_clear_bss.o)
 .text.libgcc.builtins
                0x00000000        0x0 /opt/microchip/avr-gcc/bin/../lib/gcc/avr/15.1.0/avr51/libgcc.a(_clear_bss.o)
 .text.libgcc.fmul
                0x00000000        0x0 /opt/microchip/avr-gcc/bin/../lib/gcc/avr/15.1.0/avr51/libgcc.a(_clear_bss.o)
 .text.libgcc.fixed
                0x00000000        0x0 /opt/microchip/avr-gcc/bin/../lib/gcc/avr/15.1.0/avr51/libgcc.a(_clear_bss.o)
 .text          0x00000000        0x0 /opt/microchip/avr-gcc/bin/../lib/gcc/avr/15.1.0/avr51/libgcc.a(_negsi2.o)
 .data          0x00000000        0x0 /opt/microchip/avr-gcc/bin/../lib/gcc/avr/15.1.0/avr51/libgcc.a(_negsi2.o)
 .bss           0x00000000        0x0 /opt/microchip/avr-gcc/bin/../lib/gcc/avr/15.1.0/avr51/libgcc.a(_negsi2.o)
 .text.libgcc.mul
                0x00000000        0x0 /opt/microchip/avr-gcc/bin/../lib/gcc/avr/15.1.0/avr51/libgcc.a(_negsi2.o)
 .text.libgcc   0x00000000        0x0 /opt/microchip/avr-gcc/bin/../lib/gcc/avr/15.1.0/avr51/libgcc.a(_negsi2.o)
 .text.libgcc.prologue
                0x00000000        0x0 /opt/microchip/avr-gcc/bin/../lib/gcc/avr/15.1.0/avr51/libgcc.a(_negsi2.o)
 .text.libgcc.builtins
                0x00000000        0x0 /opt/microchip/avr-gcc/bin/../lib/gcc/avr/15.1.0/avr51/libgcc.a(_negsi2.o)
 .text.libgcc.fmul
                0x00000000        0x0 /opt/microchip/avr-gcc/bin/../lib/gcc/avr/15.1.0/avr51/libgcc.a(_negsi2.o)
 .text.libgcc.fixed
                0x00000000        0x0 /opt/microchip/avr-gcc/bin/../lib/gcc/avr/15.1.0/avr51/libgcc.a(_negsi2.o)
 .text          0x00000000        0x0 /opt/microchip/avr-gcc/bin/../lib/gcc/avr/15.1.0/../../../../avr/lib/avr51/libc.a(snprintf.o)
 .data          0x00000000        0x0 /opt/microchip/avr-gcc/bin/../lib/gcc/avr/15.1.0/../../../../avr/lib/avr51/libc.a(snprintf.o)
 .bss           0x00000000        0x0 /opt/microchip/avr-gcc/bin/../lib/gcc/avr/15.1.0/../../../../avr/lib/avr51/libc.a(snprintf.o)
 .text          0x00000000        0x0 /opt/microchip/avr-gcc/bin/../lib/gcc/avr/15.1.0/../../../../avr/lib/avr51/libc.a(vfprintf_std.o)
 .data          0x00000000        0x0 /opt/microchip/avr-gcc/bin/../lib/gcc/avr/15.1.0/../../../../avr/lib/avr51/libc.a(vfprintf_std.o)
 .bss           0x00000000        0x0 /opt/microchip/avr-gcc/bin/../lib/gcc/avr/15.1.0/../../../../avr/lib/avr51/libc.a(vfprintf_std.o)
 .text          0x00000000        0x0 /opt/microchip/avr-gcc/bin/../lib/gcc/avr/15.1.0/../../../../avr/lib/avr51/libc.a(strnlen_P.o)
 .data          0x00000000        0x0 /opt/microchip/avr-gcc/bin/../lib/gcc/avr/15.1.0/../../../../avr/lib/avr51/libc.a(strnlen_P.o)
 .bss           0x00000000        0x0 /opt/microchip/avr-gcc/bin/../lib/gcc/avr/15.1.0/../../../../avr/lib/avr51/libc.a(strnlen_P.o)
 .text          0x00000000        0x0 /opt/microchip/avr-gcc/bin/../lib/gcc/avr/15.1.0/../../../../avr/lib/avr51/libc.a(strnlen.o)
 .data          0x00000000        0x0 /opt/microchip/avr-gcc/bin/../lib/gcc/avr/15.1.0/../../../../avr/lib/avr51/libc.a(strnlen.o)
 .bss           0x00000000        0x0 /opt/microchip/avr-gcc/bin/../lib/gcc/avr/15.1.0/../../../../avr/lib/avr51/libc.a(strnlen.o)
 .text          0x00000000        0x0 /opt/microchip/avr-gcc/bin/../lib/gcc/avr/15.1.0/../../../../avr/lib/avr51/libc.a(fputc.o)
 .data          0x00000000        0x0 /opt/microchip/avr-gcc/bin/../lib/gcc/avr/15.1.0/../../../../avr/lib/avr51/libc.a(fputc.o)
 .bss           0x00000000        0x0 /opt/microchip/avr-gcc/bin/../lib/gcc/avr/15.1.0/../../../../avr/lib/avr51/libc.a(fputc.o)
 .text          0x00000000        0x0 /opt/microchip/avr-gcc/bin/../lib/gcc/avr/15.1.0/../../../../avr/lib/avr51/libc.a(ultoa_invert.o)
 .data          0x00000000        0x0 /opt/microchip/avr-gcc/bin/../lib/gcc/avr/15.1.0/../../../../avr/lib/avr51/libc.a(ultoa_invert.o)
 .bss           0x00000000        0x0 /opt/microchip/avr-gcc/bin/../lib/gcc/avr/15.1.0/../../../../avr/lib/avr51/libc.a(ultoa_invert.o)

Memory Configuration

Name             Origin             Length             Attributes
text             0x00000000         0x00020000         xr
data             0x00800100         0x00001000         rw!x
eeprom           0x00810000         0x00001000         rw!x
fuse             0x00820000         0x00000003         rw!x
lock             0x00830000         0x00000400         rw!x
signature        0x00840000         0x00000400         rw!x
user_signatures  0x00850000         0x00000400         rw!x
*default*        0x00000000         0xffffffff

Linker script and memory map

Address of section .data set to 0x800100
LOAD /opt/microchip/avr-gcc/bin/../lib/gcc/avr/15.1.0/../../../../avr/lib/avr51/crtatmega128a.o
LOAD /opt/microchip/avr-gcc/bin/../lib/gcc/avr/15.1.0/../../../../avr/lib/avr51/libm.a
LOAD CMakeFiles/atmega128a.elf.dir/button.c.obj
LOAD /tmp/cc3yc2ft.ltrans0.ltrans.o
LOAD /tmp/ccaUF6Dc.debug.temp.o
LOAD /tmp/ccbY9rHV.debug.temp.o
LOAD /tmp/ccKN92fg.debug.temp.o
LOAD /tmp/ccu5OUXC.debug.temp.o
LOAD /tmp/cc2m0feI.debug.temp.o
LOAD /tmp/ccGqzWV4.debug.temp.o
LOAD /tmp/ccBLfeuv.debug.temp.o
LOAD /tmp/cchI3PSA.debug.temp.o
LOAD /tmp/ccWa4x3n.debug.temp.o
LOAD /tmp/ccWHNT0k.debug.temp.o
LOAD /tmp/ccSsrrED.debug.temp.o
LOAD CMakeFiles/atmega128a.elf.dir/dht.c.obj
LOAD CMakeFiles/atmega128a.elf.dir/fan_led.c.obj
LOAD CMakeFiles/atmega128a.elf.dir/fan_moter.c.obj
LOAD CMakeFiles/atmega128a.elf.dir/fndtimer.c.obj
LOAD CMakeFiles/atmega128a.elf.dir/joystick.c.obj
LOAD CMakeFiles/atmega128a.elf.dir/lcd.c.obj
LOAD CMakeFiles/atmega128a.elf.dir/led.c.obj
LOAD CMakeFiles/atmega128a.elf.dir/main.c.obj
LOAD CMakeFiles/atmega128a.elf.dir/servo.c.obj
LOAD CMakeFiles/atmega128a.elf.dir/system_timer.c.obj
START GROUP
LOAD /opt/microchip/avr-gcc/bin/../lib/gcc/avr/15.1.0/avr51/libgcc.a
LOAD /opt/microchip/avr-gcc/bin/../lib/gcc/avr/15.1.0/../../../../avr/lib/avr51/libm.a
LOAD /opt/microchip/avr-gcc/bin/../lib/gcc/avr/15.1.0/../../../../avr/lib/avr51/libc.a
LOAD /opt/microchip/avr-gcc/bin/../lib/gcc/avr/15.1.0/../../../../avr/lib/avr51/libatmega128a.a
END GROUP
                [0x00000000]                      __TEXT_REGION_ORIGIN__ = DEFINED (__TEXT_REGION_ORIGIN__)?__TEXT_REGION_ORIGIN__:0x0
                [0x00020000]                      __TEXT_REGION_LENGTH__ = DEFINED (__TEXT_REGION_LENGTH__)?__TEXT_REGION_LENGTH__:0x20000
                [0x00800100]                      __DATA_REGION_ORIGIN__ = DEFINED (__DATA_REGION_ORIGIN__)?__DATA_REGION_ORIGIN__:0x800100
                [0x00001000]                      __DATA_REGION_LENGTH__ = DEFINED (__DATA_REGION_LENGTH__)?__DATA_REGION_LENGTH__:0xff00
                [0x00001000]                      __EEPROM_REGION_LENGTH__ = DEFINED (__EEPROM_REGION_LENGTH__)?__EEPROM_REGION_LENGTH__:0x10000
                [0x00000003]                      __FUSE_REGION_LENGTH__ = DEFINED (__FUSE_REGION_LENGTH__)?__FUSE_REGION_LENGTH__:0x400
                0x00000400                        __LOCK_REGION_LENGTH__ = DEFINED (__LOCK_REGION_LENGTH__)?__LOCK_REGION_LENGTH__:0x400
                0x00000400                        __SIGNATURE_REGION_LENGTH__ = DEFINED (__SIGNATURE_REGION_LENGTH__)?__SIGNATURE_REGION_LENGTH__:0x400
                0x00000400                        __USER_SIGNATURE_REGION_LENGTH__ = DEFINED (__USER_SIGNATURE_REGION_LENGTH__)?__USER_SIGNATURE_REGION_LENGTH__:0x400

.hash
 *(.hash)

.dynsym
 *(.dynsym)

.dynstr
 *(.dynstr)

.gnu.version
 *(.gnu.version)

.gnu.version_d
 *(.gnu.version_d)

.gnu.version_r
 *(.gnu.version_r)

.rel.init
 *(.rel.init)

.rela.init
 *(.rela.init)

.rel.text
 *(.rel.text)
 *(.rel.text.*)
 *(.rel.gnu.linkonce.t*)

.rela.text
 *(.rela.text)
 *(.rela.text.*)
 *(.rela.gnu.linkonce.t*)

.rel.fini
 *(.rel.fini)

.rela.fini
 *(.rela.fini)

.rel.rodata
 *(.rel.rodata)
 *(.rel.rodata.*)
 *(.rel.gnu.linkonce.r*)

.rela.rodata
 *(.rela.rodata)
 *(.rela.rodata.*)
 *(.rela.gnu.linkonce.r*)

.rel.data
 *(.rel.data)
 *(.rel.data.*)
 *(.rel.gnu.linkonce.d*)

.rela.data
 *(.rela.data)
 *(.rela.data.*)
 *(.rela.gnu.linkonce.d*)

.rel.ctors
 *(.rel.ctors)

.rela.ctors
 *(.rela.ctors)

.rel.dtors
 *(.rel.dtors)

.rela.dtors
 *(.rela.dtors)

.rel.got
 *(.rel.got)

.rela.got
 *(.rela.got)

.rel.bss
 *(.rel.bss)

.rela.bss
 *(.rela.bss)

.rel.plt
 *(.rel.plt)

.rela.plt
 *(.rela.plt)

.text           0x00000000     0x11a4
 *(.vectors)
 .vectors       0x00000000       0x28 /opt/microchip/avr-gcc/bin/../lib/gcc/avr/15.1.0/../../../../avr/lib/avr51/crtatmega128a.o
                0x00000000                __vectors
                0x00000000                __vector_default
 *(.vectors)
 *(.progmem.gcc*)
                0x00000028                        . = ALIGN (0x2)
                0x00000028                        __trampolines_start = .
 *(.trampolines)
 .trampolines   0x00000028        0x0 linker stubs
 *(.trampolines*)
                0x00000028                        __trampolines_end = .
 *libprintf_flt.a:*(.progmem.data)
 *libc.a:*(.progmem.data)
 *(.progmem.*)
                0x00000028                        . = ALIGN (0x2)
 *(.lowtext)
 *(.lowtext*)
                0x00000028                        __ctors_start = .
 *(.ctors)
                0x00000028                        __ctors_end = .
                0x00000028                        __dtors_start = .
 *(.dtors)
                0x00000028                        __dtors_end = .
 SORT_BY_NAME(*)(.ctors)
 SORT_BY_NAME(*)(.dtors)
 *(.init0)
 .init0         0x00000028        0x0 /opt/microchip/avr-gcc/bin/../lib/gcc/avr/15.1.0/../../../../avr/lib/avr51/crtatmega128a.o
                0x00000028                __init
 *(.init0)
 *(.init1)
 *(.init1)
 *(.init2)
 .init2         0x00000028        0xc /opt/microchip/avr-gcc/bin/../lib/gcc/avr/15.1.0/../../../../avr/lib/avr51/crtatmega128a.o
 *(.init2)
 *(.init3)
 *(.init3)
 *(.init4)
 .init4         0x00000034       0x1a /opt/microchip/avr-gcc/bin/../lib/gcc/avr/15.1.0/avr51/libgcc.a(_copy_data.o)
                0x00000034                __do_copy_data
 .init4         0x0000004e       0x10 /opt/microchip/avr-gcc/bin/../lib/gcc/avr/15.1.0/avr51/libgcc.a(_clear_bss.o)
                0x0000004e                __do_clear_bss
 *(.init4)
 *(.init5)
 *(.init5)
 *(.init6)
 *(.init6)
 *(.init7)
 *(.init7)
 *(.init8)
 *(.init8)
 *(.init9)
 .init9         0x0000005e        0x8 /opt/microchip/avr-gcc/bin/../lib/gcc/avr/15.1.0/../../../../avr/lib/avr51/crtatmega128a.o
 *(.init9)
 *(.text)
 .text          0x00000066        0x4 /opt/microchip/avr-gcc/bin/../lib/gcc/avr/15.1.0/../../../../avr/lib/avr51/crtatmega128a.o
                0x00000066                __vector_1
                0x00000066                __bad_interrupt
                0x00000066                __vector_6
                0x00000066                __vector_3
                0x00000066                __vector_7
                0x00000066                __vector_5
                0x00000066                __vector_4
                0x00000066                __vector_2
                0x00000066                __vector_8
 .text          0x0000006a      0x226 /tmp/cc3yc2ft.ltrans0.ltrans.o
                0x000001e8                __vector_9
                0x00000290                        . = ALIGN (0x2)
 *(.text.*)
 .text.startup  0x00000290      0x876 /tmp/cc3yc2ft.ltrans0.ltrans.o
                0x00000290                main
 .text.libgcc.mul
                0x00000b06       0x1e /opt/microchip/avr-gcc/bin/../lib/gcc/avr/15.1.0/avr51/libgcc.a(_umulhisi3.o)
                0x00000b06                __umulhisi3
 .text.libgcc.div
                0x00000b24       0x18 /opt/microchip/avr-gcc/bin/../lib/gcc/avr/15.1.0/avr51/libgcc.a(_udivmodqi4.o)
                0x00000b24                __udivmodqi4
 .text.libgcc.div
                0x00000b3c       0x28 /opt/microchip/avr-gcc/bin/../lib/gcc/avr/15.1.0/avr51/libgcc.a(_udivmodhi4.o)
                0x00000b3c                __udivmodhi4
 .text.libgcc.div
                0x00000b64       0x44 /opt/microchip/avr-gcc/bin/../lib/gcc/avr/15.1.0/avr51/libgcc.a(_udivmodsi4.o)
                0x00000b64                __udivmodsi4
 .text.libgcc.div
                0x00000ba8       0x10 /opt/microchip/avr-gcc/bin/../lib/gcc/avr/15.1.0/avr51/libgcc.a(_negsi2.o)
                0x00000ba8                __negsi2
 .text.avr-libc
                0x00000bb8       0x78 /opt/microchip/avr-gcc/bin/../lib/gcc/avr/15.1.0/../../../../avr/lib/avr51/libc.a(snprintf.o)
                0x00000bb8                snprintf
 .text.avr-libc
                0x00000c30      0x428 /opt/microchip/avr-gcc/bin/../lib/gcc/avr/15.1.0/../../../../avr/lib/avr51/libc.a(vfprintf_std.o)
                0x00000c30                vfprintf
 .text.avr-libc
                0x00001058       0x16 /opt/microchip/avr-gcc/bin/../lib/gcc/avr/15.1.0/../../../../avr/lib/avr51/libc.a(strnlen_P.o)
                0x00001058                strnlen_P
 .text.avr-libc
                0x0000106e       0x16 /opt/microchip/avr-gcc/bin/../lib/gcc/avr/15.1.0/../../../../avr/lib/avr51/libc.a(strnlen.o)
                0x0000106e                strnlen
 .text.avr-libc
                0x00001084       0x60 /opt/microchip/avr-gcc/bin/../lib/gcc/avr/15.1.0/../../../../avr/lib/avr51/libc.a(fputc.o)
                0x00001084                fputc
 .text.avr-libc
                0x000010e4       0xbc /opt/microchip/avr-gcc/bin/../lib/gcc/avr/15.1.0/../../../../avr/lib/avr51/libc.a(ultoa_invert.o)
                0x000010e4                __ultoa_invert
                0x000011a0                        . = ALIGN (0x2)
 *(.fini9)
 .fini9         0x000011a0        0x0 /opt/microchip/avr-gcc/bin/../lib/gcc/avr/15.1.0/avr51/libgcc.a(_exit.o)
                0x000011a0                exit
                0x000011a0                _exit
 *(.fini9)
 *(.fini8)
 *(.fini8)
 *(.fini7)
 *(.fini7)
 *(.fini6)
 *(.fini6)
 *(.fini5)
 *(.fini5)
 *(.fini4)
 *(.fini4)
 *(.fini3)
 *(.fini3)
 *(.fini2)
 *(.fini2)
 *(.fini1)
 *(.fini1)
 *(.fini0)
 .fini0         0x000011a0        0x4 /opt/microchip/avr-gcc/bin/../lib/gcc/avr/15.1.0/avr51/libgcc.a(_exit.o)
 *(.fini0)
 *(.hightext)
 *(.hightext*)
 *(.progmemx.*)
                0x000011a4                        . = ALIGN (0x2)
 *(.jumptables)
 *(.jumptables*)
                0x000011a4                        _etext = .

.data           0x00800100       0x82 load address 0x000011a4
                0x00800100                        PROVIDE (__data_start = .)
 *(.data)
 .data          0x00800100        0x6 /tmp/cc3yc2ft.ltrans0.ltrans.o
 *(.data*)
 *(.gnu.linkonce.d*)
 *(.rodata)
 .rodata        0x00800106       0x16 /tmp/cc3yc2ft.ltrans0.ltrans.o
 *(.rodata*)
 .rodata.str1.1
                0x0080011c       0x66 /tmp/cc3yc2ft.ltrans0.ltrans.o
 *(.gnu.linkonce.r*)
                0x00800182                        . = ALIGN (0x2)
                0x00800182                        _edata = .
                0x00800182                        PROVIDE (__data_end = .)

.bss            0x00800182       0x11
                0x00800182                        PROVIDE (__bss_start = .)
 *(.bss)
 .bss           0x00800182       0x11 /tmp/cc3yc2ft.ltrans0.ltrans.o
 *(.bss*)
 *(COMMON)
                0x00800193                        PROVIDE (__bss_end = .)
                0x000011a4                        __data_load_start = LOADADDR (.data)
                0x00001226                        __data_load_end = (__data_load_start + SIZEOF (.data))

.noinit         0x00800193        0x0
                [!provide]                        PROVIDE (__noinit_start = .)
 *(.noinit .noinit.* .gnu.linkonce.n.*)
                [!provide]                        PROVIDE (__noinit_end = .)
                0x00800193                        _end = .
                [!provide]                        PROVIDE (__heap_start = .)
                0x00000000                        __flmap_init_label = DEFINED (__flmap_noinit_start)?__flmap_noinit_start:0x0
                0x00000000                        __flmap = DEFINED (__flmap)?__flmap:0x0

.eeprom         0x00810000        0x0
 *(.eeprom*)
                0x00810000                        __eeprom_end = .

.fuse
 *(.fuse)
 *(.lfuse)
 *(.hfuse)
 *(.efuse)

.lock
 *(.lock*)

.signature
 *(.signature*)

.stab
 *(.stab)

.stabstr
 *(.stabstr)

.stab.excl
 *(.stab.excl)

.stab.exclstr
 *(.stab.exclstr)

.stab.index
 *(.stab.index)

.stab.indexstr
 *(.stab.indexstr)

.comment        0x00000000       0x5c
 *(.comment)
 .comment       0x00000000       0x5c /tmp/cc3yc2ft.ltrans0.ltrans.o
                                 0x30 (size before relaxing)
 .comment       0x0000005c       0x2e /opt/microchip/avr-gcc/bin/../lib/gcc/avr/15.1.0/../../../../avr/lib/avr51/libc.a(snprintf.o)
 .comment       0x0000005c       0x2e /opt/microchip/avr-gcc/bin/../lib/gcc/avr/15.1.0/../../../../avr/lib/avr51/libc.a(vfprintf_std.o)
 .comment       0x0000005c       0x2e /opt/microchip/avr-gcc/bin/../lib/gcc/avr/15.1.0/../../../../avr/lib/avr51/libc.a(fputc.o)

.note.gnu.avr.deviceinfo
                0x00000000       0x40
 .note.gnu.avr.deviceinfo
                0x00000000       0x40 /opt/microchip/avr-gcc/bin/../lib/gcc/avr/15.1.0/../../../../avr/lib/avr51/crtatmega128a.o

.gnu.build.attributes
 *(.gnu.build.attributes .gnu.build.attributes.*)

.note.gnu.build-id
 *(.note.gnu.build-id)

.debug
 *(.debug)

.line
 *(.line)

.debug_srcinfo
 *(.debug_srcinfo)

.debug_sfnames
 *(.debug_sfnames)

.debug_aranges  0x00000000       0x28
 *(.debug_aranges)
 .debug_aranges
                0x00000000       0x28 /tmp/cc3yc2ft.ltrans0.ltrans.o

.debug_pubnames
 *(.debug_pubnames)

.debug_info     0x00000000     0x2f5d
 *(.debug_info .gnu.linkonce.wi.*)
 .debug_info    0x00000000      0x780 /opt/microchip/avr-gcc/bin/../lib/gcc/avr/15.1.0/../../../../avr/lib/avr51/crtatmega128a.o
 .debug_info    0x00000780     0x15d3 /tmp/cc3yc2ft.ltrans0.ltrans.o
 .debug_info    0x00001d53      0x154 /tmp/ccaUF6Dc.debug.temp.o
                0x00001d53                button.c.a47208fe
 .debug_info    0x00001ea7      0x198 /tmp/ccbY9rHV.debug.temp.o
                0x00001ea7                dht.c.62db4987
 .debug_info    0x0000203f       0xc0 /tmp/ccKN92fg.debug.temp.o
                0x0000203f                fan_led.c.e5fa9bc0
 .debug_info    0x000020ff      0x195 /tmp/ccu5OUXC.debug.temp.o
                0x000020ff                fan_moter.c.172eb8a0
 .debug_info    0x00002294      0x2e5 /tmp/cc2m0feI.debug.temp.o
                0x00002294                fndtimer.c.a3dd2b7a
 .debug_info    0x00002579      0x107 /tmp/ccGqzWV4.debug.temp.o
                0x00002579                joystick.c.78b19003
 .debug_info    0x00002680      0x260 /tmp/ccBLfeuv.debug.temp.o
                0x00002680                lcd.c.c5218cff
 .debug_info    0x000028e0      0x404 /tmp/ccWa4x3n.debug.temp.o
                0x000028e0                main.c.585a3ef5
 .debug_info    0x00002ce4      0x137 /tmp/ccWHNT0k.debug.temp.o
                0x00002ce4                servo.c.2623a49a
 .debug_info    0x00002e1b      0x142 /tmp/ccSsrrED.debug.temp.o
                0x00002e1b                system_timer.c.6f22e685

.debug_abbrev   0x00000000     0x120b
 *(.debug_abbrev)
 .debug_abbrev  0x00000000      0x718 /opt/microchip/avr-gcc/bin/../lib/gcc/avr/15.1.0/../../../../avr/lib/avr51/crtatmega128a.o
 .debug_abbrev  0x00000718      0x189 /tmp/cc3yc2ft.ltrans0.ltrans.o
 .debug_abbrev  0x000008a1       0xf2 /tmp/ccaUF6Dc.debug.temp.o
 .debug_abbrev  0x00000993      0x11f /tmp/ccbY9rHV.debug.temp.o
 .debug_abbrev  0x00000ab2       0x95 /tmp/ccKN92fg.debug.temp.o
 .debug_abbrev  0x00000b47       0xad /tmp/ccu5OUXC.debug.temp.o
 .debug_abbrev  0x00000bf4      0x14b /tmp/cc2m0feI.debug.temp.o
 .debug_abbrev  0x00000d3f       0xc1 /tmp/ccGqzWV4.debug.temp.o
 .debug_abbrev  0x00000e00      0x136 /tmp/ccBLfeuv.debug.temp.o
 .debug_abbrev  0x00000f36      0x153 /tmp/ccWa4x3n.debug.temp.o
 .debug_abbrev  0x00001089       0x92 /tmp/ccWHNT0k.debug.temp.o
 .debug_abbrev  0x0000111b       0xf0 /tmp/ccSsrrED.debug.temp.o

.debug_line     0x00000000     0x2714
 *(.debug_line .debug_line.* .debug_line_end)
 .debug_line    0x00000000       0x1d /opt/microchip/avr-gcc/bin/../lib/gcc/avr/15.1.0/../../../../avr/lib/avr51/crtatmega128a.o
 .debug_line    0x0000001d     0x20d5 /tmp/cc3yc2ft.ltrans0.ltrans.o
 .debug_line    0x000020f2       0x8c /tmp/ccaUF6Dc.debug.temp.o
 .debug_line    0x0000217e       0x9a /tmp/ccbY9rHV.debug.temp.o
 .debug_line    0x00002218       0x91 /tmp/ccKN92fg.debug.temp.o
 .debug_line    0x000022a9       0x96 /tmp/ccu5OUXC.debug.temp.o
 .debug_line    0x0000233f       0x9f /tmp/cc2m0feI.debug.temp.o
 .debug_line    0x000023de       0x91 /tmp/ccGqzWV4.debug.temp.o
 .debug_line    0x0000246f       0xb3 /tmp/ccBLfeuv.debug.temp.o
 .debug_line    0x00002522       0xd6 /tmp/ccWa4x3n.debug.temp.o
 .debug_line    0x000025f8       0x8c /tmp/ccWHNT0k.debug.temp.o
 .debug_line    0x00002684       0x90 /tmp/ccSsrrED.debug.temp.o

.debug_frame    0x00000000      0x11c
 *(.debug_frame)
 .debug_frame   0x00000000      0x11c /tmp/cc3yc2ft.ltrans0.ltrans.o

.debug_str      0x00000000     0x8ba0
 *(.debug_str)
 .debug_str     0x00000000      0x27d /opt/microchip/avr-gcc/bin/../lib/gcc/avr/15.1.0/../../../../avr/lib/avr51/crtatmega128a.o
 .debug_str     0x0000027d     0x8923 /tmp/cc3yc2ft.ltrans0.ltrans.o
                                 0xf7 (size before relaxing)
 .debug_str     0x00008ba0     0x7626 /tmp/ccaUF6Dc.debug.temp.o
 .debug_str     0x00008ba0     0x76f2 /tmp/ccbY9rHV.debug.temp.o
 .debug_str     0x00008ba0     0x7a26 /tmp/ccKN92fg.debug.temp.o
 .debug_str     0x00008ba0     0x7b20 /tmp/ccu5OUXC.debug.temp.o
 .debug_str     0x00008ba0     0x7dd8 /tmp/cc2m0feI.debug.temp.o
 .debug_str     0x00008ba0     0x7676 /tmp/ccGqzWV4.debug.temp.o
 .debug_str     0x00008ba0     0x81e2 /tmp/ccBLfeuv.debug.temp.o
 .debug_str     0x00008ba0     0x83bd /tmp/ccWa4x3n.debug.temp.o
 .debug_str     0x00008ba0     0x76ae /tmp/ccWHNT0k.debug.temp.o
 .debug_str     0x00008ba0     0x789b /tmp/ccSsrrED.debug.temp.o

.debug_loc
 *(.debug_loc)

.debug_macinfo
 *(.debug_macinfo)

.debug_weaknames
 *(.debug_weaknames)

.debug_funcnames
 *(.debug_funcnames)

.debug_typenames
 *(.debug_typenames)

.debug_varnames
 *(.debug_varnames)

.debug_pubtypes
 *(.debug_pubtypes)

.debug_ranges
 *(.debug_ranges)

.debug_addr
 *(.debug_addr)

.debug_line_str
                0x00000000      0x43a
 *(.debug_line_str)
 .debug_line_str
                0x00000000      0x43a /tmp/cc3yc2ft.ltrans0.ltrans.o
                                0x145 (size before relaxing)
 .debug_line_str
                0x0000043a      0x194 /tmp/ccaUF6Dc.debug.temp.o
 .debug_line_str
                0x0000043a      0x1c9 /tmp/ccbY9rHV.debug.temp.o
 .debug_line_str
                0x0000043a      0x1a3 /tmp/ccKN92fg.debug.temp.o
 .debug_line_str
                0x0000043a      0x1b4 /tmp/ccu5OUXC.debug.temp.o
 .debug_line_str
                0x0000043a      0x1e6 /tmp/cc2m0feI.debug.temp.o
 .debug_line_str
                0x0000043a      0x1a2 /tmp/ccGqzWV4.debug.temp.o
 .debug_line_str
                0x0000043a      0x1fa /tmp/ccBLfeuv.debug.temp.o
 .debug_line_str
                0x0000043a      0x243 /tmp/ccWa4x3n.debug.temp.o
 .debug_line_str
                0x0000043a      0x191 /tmp/ccWHNT0k.debug.temp.o
 .debug_line_str
                0x0000043a      0x1cd /tmp/ccSsrrED.debug.temp.o

.debug_loclists
                0x00000000     0x118a
 *(.debug_loclists)
 .debug_loclists
                0x00000000     0x118a /tmp/cc3yc2ft.ltrans0.ltrans.o

.debug_macro    0x00000000     0x3874
 *(.debug_macro)
 .debug_macro   0x00000000       0x9d /tmp/ccaUF6Dc.debug.temp.o
 .debug_macro   0x0000009d      0xc46 /tmp/ccaUF6Dc.debug.temp.o
 .debug_macro   0x00000ce3       0x10 /tmp/ccaUF6Dc.debug.temp.o
 .debug_macro   0x00000cf3      0x1c9 /tmp/ccaUF6Dc.debug.temp.o
 .debug_macro   0x00000ebc      0x2fd /tmp/ccaUF6Dc.debug.temp.o
 .debug_macro   0x000011b9       0x9e /tmp/ccaUF6Dc.debug.temp.o
 .debug_macro   0x00001257     0x138f /tmp/ccaUF6Dc.debug.temp.o
 .debug_macro   0x000025e6      0x204 /tmp/ccaUF6Dc.debug.temp.o
 .debug_macro   0x000027ea       0xcb /tmp/ccaUF6Dc.debug.temp.o
 .debug_macro   0x000028b5       0x34 /tmp/ccaUF6Dc.debug.temp.o
 .debug_macro   0x000028e9       0x18 /tmp/ccaUF6Dc.debug.temp.o
 .debug_macro   0x00002901       0x6c /tmp/ccaUF6Dc.debug.temp.o
 .debug_macro   0x0000296d       0x94 /tmp/ccaUF6Dc.debug.temp.o
 .debug_macro   0x00002a01       0xd0 /tmp/ccaUF6Dc.debug.temp.o
 .debug_macro   0x00002ad1       0xb6 /tmp/ccbY9rHV.debug.temp.o
 .debug_macro   0x00002b87       0x16 /tmp/ccbY9rHV.debug.temp.o
 .debug_macro   0x00002b9d       0xac /tmp/ccKN92fg.debug.temp.o
 .debug_macro   0x00002c49       0x7d /tmp/ccKN92fg.debug.temp.o
 .debug_macro   0x00002cc6       0xb6 /tmp/ccu5OUXC.debug.temp.o
 .debug_macro   0x00002d7c       0xc5 /tmp/cc2m0feI.debug.temp.o
 .debug_macro   0x00002e41       0x2e /tmp/cc2m0feI.debug.temp.o
 .debug_macro   0x00002e6f       0xad /tmp/ccGqzWV4.debug.temp.o
 .debug_macro   0x00002f1c      0x303 /tmp/ccGqzWV4.debug.temp.o
 .debug_macro   0x0000321f       0xca /tmp/ccGqzWV4.debug.temp.o
 .debug_macro   0x000032e9       0xf5 /tmp/ccBLfeuv.debug.temp.o
 .debug_macro   0x000033de       0x58 /tmp/ccBLfeuv.debug.temp.o
 .debug_macro   0x00003436       0x10 /tmp/ccBLfeuv.debug.temp.o
 .debug_macro   0x00003446       0x9e /tmp/ccBLfeuv.debug.temp.o
 .debug_macro   0x000034e4       0xf2 /tmp/ccBLfeuv.debug.temp.o
 .debug_macro   0x000035d6      0x12a /tmp/ccWa4x3n.debug.temp.o
 .debug_macro   0x00003700       0xa3 /tmp/ccWHNT0k.debug.temp.o
 .debug_macro   0x000037a3       0x9d /tmp/ccSsrrED.debug.temp.o
 .debug_macro   0x00003840       0x34 /tmp/ccSsrrED.debug.temp.o

.debug_names
 *(.debug_names)

.debug_rnglists
                0x00000000      0x1f5
 *(.debug_rnglists)
 .debug_rnglists
                0x00000000      0x1f5 /tmp/cc3yc2ft.ltrans0.ltrans.o

.debug_str_offsets
 *(.debug_str_offsets)

.debug_sup
 *(.debug_sup)
OUTPUT(atmega128a.elf elf32-avr)
LOAD linker stubs

Cross Reference Table

Symbol                                            File
ButtonGetState                                    CMakeFiles/atmega128a.elf.dir/button.c.obj (symbol from plugin)
                                                  CMakeFiles/atmega128a.elf.dir/main.c.obj (symbol from plugin)
ButtonInit                                        CMakeFiles/atmega128a.elf.dir/button.c.obj (symbol from plugin)
                                                  CMakeFiles/atmega128a.elf.dir/main.c.obj (symbol from plugin)
DHT_Read                                          CMakeFiles/atmega128a.elf.dir/dht.c.obj (symbol from plugin)
                                                  CMakeFiles/atmega128a.elf.dir/main.c.obj (symbol from plugin)
DHT_SetInput                                      CMakeFiles/atmega128a.elf.dir/dht.c.obj (symbol from plugin)
                                                  CMakeFiles/atmega128a.elf.dir/main.c.obj (symbol from plugin)
FAN_GetTargetDuty                                 CMakeFiles/atmega128a.elf.dir/fan_moter.c.obj (symbol from plugin)
                                                  CMakeFiles/atmega128a.elf.dir/main.c.obj (symbol from plugin)
FAN_RampDuty                                      CMakeFiles/atmega128a.elf.dir/fan_moter.c.obj (symbol from plugin)
                                                  CMakeFiles/atmega128a.elf.dir/main.c.obj (symbol from plugin)
FAN_getDutyPercent                                CMakeFiles/atmega128a.elf.dir/fan_moter.c.obj (symbol from plugin)
                                                  CMakeFiles/atmega128a.elf.dir/main.c.obj (symbol from plugin)
                                                  CMakeFiles/atmega128a.elf.dir/lcd.c.obj (symbol from plugin)
FAN_init                                          CMakeFiles/atmega128a.elf.dir/fan_moter.c.obj (symbol from plugin)
                                                  CMakeFiles/atmega128a.elf.dir/main.c.obj (symbol from plugin)
FAN_speed                                         CMakeFiles/atmega128a.elf.dir/fan_moter.c.obj (symbol from plugin)
                                                  CMakeFiles/atmega128a.elf.dir/main.c.obj (symbol from plugin)
FanLed_DisplayDuty                                CMakeFiles/atmega128a.elf.dir/fan_led.c.obj (symbol from plugin)
                                                  CMakeFiles/atmega128a.elf.dir/main.c.obj (symbol from plugin)
FanLed_Init                                       CMakeFiles/atmega128a.elf.dir/fan_led.c.obj (symbol from plugin)
                                                  CMakeFiles/atmega128a.elf.dir/main.c.obj (symbol from plugin)
I2C_Init                                          CMakeFiles/atmega128a.elf.dir/lcd.c.obj (symbol from plugin)
                                                  CMakeFiles/atmega128a.elf.dir/main.c.obj (symbol from plugin)
I2C_Start                                         CMakeFiles/atmega128a.elf.dir/lcd.c.obj (symbol from plugin)
I2C_Stop                                          CMakeFiles/atmega128a.elf.dir/lcd.c.obj (symbol from plugin)
I2C_Write                                         CMakeFiles/atmega128a.elf.dir/lcd.c.obj (symbol from plugin)
Joystick_Init                                     CMakeFiles/atmega128a.elf.dir/joystick.c.obj (symbol from plugin)
                                                  CMakeFiles/atmega128a.elf.dir/main.c.obj (symbol from plugin)
Joystick_UpdateServo                              CMakeFiles/atmega128a.elf.dir/joystick.c.obj (symbol from plugin)
                                                  CMakeFiles/atmega128a.elf.dir/main.c.obj (symbol from plugin)
LCD_Init                                          CMakeFiles/atmega128a.elf.dir/lcd.c.obj (symbol from plugin)
                                                  CMakeFiles/atmega128a.elf.dir/main.c.obj (symbol from plugin)
LCD_PrintDhtError                                 CMakeFiles/atmega128a.elf.dir/lcd.c.obj (symbol from plugin)
                                                  CMakeFiles/atmega128a.elf.dir/main.c.obj (symbol from plugin)
LCD_PrintStatus                                   CMakeFiles/atmega128a.elf.dir/lcd.c.obj (symbol from plugin)
                                                  CMakeFiles/atmega128a.elf.dir/main.c.obj (symbol from plugin)
LCD_WriteString                                   CMakeFiles/atmega128a.elf.dir/lcd.c.obj (symbol from plugin)
                                                  CMakeFiles/atmega128a.elf.dir/main.c.obj (symbol from plugin)
LCD_Write_4bit                                    CMakeFiles/atmega128a.elf.dir/lcd.c.obj (symbol from plugin)
                                                  CMakeFiles/atmega128a.elf.dir/main.c.obj (symbol from plugin)
Servo_Apply                                       CMakeFiles/atmega128a.elf.dir/servo.c.obj (symbol from plugin)
                                                  CMakeFiles/atmega128a.elf.dir/joystick.c.obj (symbol from plugin)
Servo_Init                                        CMakeFiles/atmega128a.elf.dir/servo.c.obj (symbol from plugin)
                                                  CMakeFiles/atmega128a.elf.dir/main.c.obj (symbol from plugin)
Servo_MoveHorizontalDown                          CMakeFiles/atmega128a.elf.dir/servo.c.obj (symbol from plugin)
                                                  CMakeFiles/atmega128a.elf.dir/joystick.c.obj (symbol from plugin)
Servo_MoveHorizontalUp                            CMakeFiles/atmega128a.elf.dir/servo.c.obj (symbol from plugin)
                                                  CMakeFiles/atmega128a.elf.dir/joystick.c.obj (symbol from plugin)
Servo_MoveVerticalDown                            CMakeFiles/atmega128a.elf.dir/servo.c.obj (symbol from plugin)
                                                  CMakeFiles/atmega128a.elf.dir/joystick.c.obj (symbol from plugin)
Servo_MoveVerticalUp                              CMakeFiles/atmega128a.elf.dir/servo.c.obj (symbol from plugin)
                                                  CMakeFiles/atmega128a.elf.dir/joystick.c.obj (symbol from plugin)
Servo_UpdateAutoHorizontal                        CMakeFiles/atmega128a.elf.dir/servo.c.obj (symbol from plugin)
                                                  CMakeFiles/atmega128a.elf.dir/main.c.obj (symbol from plugin)
Servo_UpdateAutoVertical                          CMakeFiles/atmega128a.elf.dir/servo.c.obj (symbol from plugin)
                                                  CMakeFiles/atmega128a.elf.dir/main.c.obj (symbol from plugin)
__DATA_REGION_LENGTH__                            /opt/microchip/avr-gcc/bin/../lib/gcc/avr/15.1.0/../../../../avr/lib/avr51/crtatmega128a.o
__DATA_REGION_ORIGIN__                            /opt/microchip/avr-gcc/bin/../lib/gcc/avr/15.1.0/../../../../avr/lib/avr51/crtatmega128a.o
__EEPROM_REGION_LENGTH__                          /opt/microchip/avr-gcc/bin/../lib/gcc/avr/15.1.0/../../../../avr/lib/avr51/crtatmega128a.o
__FUSE_REGION_LENGTH__                            /opt/microchip/avr-gcc/bin/../lib/gcc/avr/15.1.0/../../../../avr/lib/avr51/crtatmega128a.o
__TEXT_REGION_LENGTH__                            /opt/microchip/avr-gcc/bin/../lib/gcc/avr/15.1.0/../../../../avr/lib/avr51/crtatmega128a.o
__TEXT_REGION_ORIGIN__                            /opt/microchip/avr-gcc/bin/../lib/gcc/avr/15.1.0/../../../../avr/lib/avr51/crtatmega128a.o
__bad_interrupt                                   /opt/microchip/avr-gcc/bin/../lib/gcc/avr/15.1.0/../../../../avr/lib/avr51/crtatmega128a.o
__bss_end                                         /opt/microchip/avr-gcc/bin/../lib/gcc/avr/15.1.0/avr51/libgcc.a(_clear_bss.o)
__bss_start                                       /opt/microchip/avr-gcc/bin/../lib/gcc/avr/15.1.0/avr51/libgcc.a(_clear_bss.o)
__data_end                                        /opt/microchip/avr-gcc/bin/../lib/gcc/avr/15.1.0/avr51/libgcc.a(_copy_data.o)
__data_load_start                                 /opt/microchip/avr-gcc/bin/../lib/gcc/avr/15.1.0/avr51/libgcc.a(_copy_data.o)
__data_start                                      /opt/microchip/avr-gcc/bin/../lib/gcc/avr/15.1.0/avr51/libgcc.a(_copy_data.o)
__do_clear_bss                                    /opt/microchip/avr-gcc/bin/../lib/gcc/avr/15.1.0/avr51/libgcc.a(_clear_bss.o)
                                                  /tmp/cc3yc2ft.ltrans0.ltrans.o
__do_copy_data                                    /opt/microchip/avr-gcc/bin/../lib/gcc/avr/15.1.0/avr51/libgcc.a(_copy_data.o)
                                                  /tmp/cc3yc2ft.ltrans0.ltrans.o
__heap_end                                        /opt/microchip/avr-gcc/bin/../lib/gcc/avr/15.1.0/../../../../avr/lib/avr51/crtatmega128a.o
__init                                            /opt/microchip/avr-gcc/bin/../lib/gcc/avr/15.1.0/../../../../avr/lib/avr51/crtatmega128a.o
__negsi2                                          /opt/microchip/avr-gcc/bin/../lib/gcc/avr/15.1.0/avr51/libgcc.a(_negsi2.o)
                                                  /opt/microchip/avr-gcc/bin/../lib/gcc/avr/15.1.0/../../../../avr/lib/avr51/libc.a(vfprintf_std.o)
__stack                                           /opt/microchip/avr-gcc/bin/../lib/gcc/avr/15.1.0/../../../../avr/lib/avr51/crtatmega128a.o
__udivmodhi4                                      /opt/microchip/avr-gcc/bin/../lib/gcc/avr/15.1.0/avr51/libgcc.a(_udivmodhi4.o)
                                                  /tmp/cc3yc2ft.ltrans0.ltrans.o
__udivmodqi4                                      /opt/microchip/avr-gcc/bin/../lib/gcc/avr/15.1.0/avr51/libgcc.a(_udivmodqi4.o)
                                                  /tmp/cc3yc2ft.ltrans0.ltrans.o
__udivmodsi4                                      /opt/microchip/avr-gcc/bin/../lib/gcc/avr/15.1.0/avr51/libgcc.a(_udivmodsi4.o)
                                                  /tmp/cc3yc2ft.ltrans0.ltrans.o
__ultoa_invert                                    /opt/microchip/avr-gcc/bin/../lib/gcc/avr/15.1.0/../../../../avr/lib/avr51/libc.a(ultoa_invert.o)
                                                  /opt/microchip/avr-gcc/bin/../lib/gcc/avr/15.1.0/../../../../avr/lib/avr51/libc.a(vfprintf_std.o)
__umulhisi3                                       /opt/microchip/avr-gcc/bin/../lib/gcc/avr/15.1.0/avr51/libgcc.a(_umulhisi3.o)
                                                  /tmp/cc3yc2ft.ltrans0.ltrans.o
__vector_1                                        /opt/microchip/avr-gcc/bin/../lib/gcc/avr/15.1.0/../../../../avr/lib/avr51/crtatmega128a.o
__vector_2                                        /opt/microchip/avr-gcc/bin/../lib/gcc/avr/15.1.0/../../../../avr/lib/avr51/crtatmega128a.o
__vector_3                                        /opt/microchip/avr-gcc/bin/../lib/gcc/avr/15.1.0/../../../../avr/lib/avr51/crtatmega128a.o
__vector_4                                        /opt/microchip/avr-gcc/bin/../lib/gcc/avr/15.1.0/../../../../avr/lib/avr51/crtatmega128a.o
__vector_5                                        /opt/microchip/avr-gcc/bin/../lib/gcc/avr/15.1.0/../../../../avr/lib/avr51/crtatmega128a.o
__vector_6                                        /opt/microchip/avr-gcc/bin/../lib/gcc/avr/15.1.0/../../../../avr/lib/avr51/crtatmega128a.o
__vector_7                                        /opt/microchip/avr-gcc/bin/../lib/gcc/avr/15.1.0/../../../../avr/lib/avr51/crtatmega128a.o
__vector_8                                        /opt/microchip/avr-gcc/bin/../lib/gcc/avr/15.1.0/../../../../avr/lib/avr51/crtatmega128a.o
__vector_9                                        /tmp/cc3yc2ft.ltrans0.ltrans.o
                                                  CMakeFiles/atmega128a.elf.dir/fndtimer.c.obj (symbol from plugin)
                                                  /opt/microchip/avr-gcc/bin/../lib/gcc/avr/15.1.0/../../../../avr/lib/avr51/crtatmega128a.o
__vector_default                                  /opt/microchip/avr-gcc/bin/../lib/gcc/avr/15.1.0/../../../../avr/lib/avr51/crtatmega128a.o
__vectors                                         /opt/microchip/avr-gcc/bin/../lib/gcc/avr/15.1.0/../../../../avr/lib/avr51/crtatmega128a.o
_exit                                             /opt/microchip/avr-gcc/bin/../lib/gcc/avr/15.1.0/avr51/libgcc.a(_exit.o)
button.c.a47208fe                                 /tmp/ccaUF6Dc.debug.temp.o
                                                  /tmp/cc3yc2ft.ltrans0.ltrans.o
dht.c.62db4987                                    /tmp/ccbY9rHV.debug.temp.o
                                                  /tmp/cc3yc2ft.ltrans0.ltrans.o
exit                                              /opt/microchip/avr-gcc/bin/../lib/gcc/avr/15.1.0/avr51/libgcc.a(_exit.o)
                                                  /opt/microchip/avr-gcc/bin/../lib/gcc/avr/15.1.0/../../../../avr/lib/avr51/crtatmega128a.o
fan_led.c.e5fa9bc0                                /tmp/ccKN92fg.debug.temp.o
                                                  /tmp/cc3yc2ft.ltrans0.ltrans.o
fan_moter.c.172eb8a0                              /tmp/ccu5OUXC.debug.temp.o
                                                  /tmp/cc3yc2ft.ltrans0.ltrans.o
fnd_display_digit                                 CMakeFiles/atmega128a.elf.dir/fndtimer.c.obj (symbol from plugin)
fnd_init                                          CMakeFiles/atmega128a.elf.dir/fndtimer.c.obj (symbol from plugin)
                                                  CMakeFiles/atmega128a.elf.dir/main.c.obj (symbol from plugin)
fndtimer.c.a3dd2b7a                               /tmp/cc2m0feI.debug.temp.o
                                                  /tmp/cc3yc2ft.ltrans0.ltrans.o
fputc                                             /opt/microchip/avr-gcc/bin/../lib/gcc/avr/15.1.0/../../../../avr/lib/avr51/libc.a(fputc.o)
                                                  /opt/microchip/avr-gcc/bin/../lib/gcc/avr/15.1.0/../../../../avr/lib/avr51/libc.a(vfprintf_std.o)
joystick.c.78b19003                               /tmp/ccGqzWV4.debug.temp.o
                                                  /tmp/cc3yc2ft.ltrans0.ltrans.o
lcd.c.c5218cff                                    /tmp/ccBLfeuv.debug.temp.o
                                                  /tmp/cc3yc2ft.ltrans0.ltrans.o
led.c.13fc4166                                    /tmp/cchI3PSA.debug.temp.o
ledInit                                           CMakeFiles/atmega128a.elf.dir/led.c.obj (symbol from plugin)
ledOff                                            CMakeFiles/atmega128a.elf.dir/led.c.obj (symbol from plugin)
ledOn                                             CMakeFiles/atmega128a.elf.dir/led.c.obj (symbol from plugin)
main                                              /tmp/cc3yc2ft.ltrans0.ltrans.o
                                                  CMakeFiles/atmega128a.elf.dir/main.c.obj (symbol from plugin)
                                                  /opt/microchip/avr-gcc/bin/../lib/gcc/avr/15.1.0/../../../../avr/lib/avr51/crtatmega128a.o
main.c.585a3ef5                                   /tmp/ccWa4x3n.debug.temp.o
                                                  /tmp/cc3yc2ft.ltrans0.ltrans.o
motor_set_fan_request                             CMakeFiles/atmega128a.elf.dir/fan_moter.c.obj (symbol from plugin)
motor_update                                      CMakeFiles/atmega128a.elf.dir/fan_moter.c.obj (symbol from plugin)
                                                  CMakeFiles/atmega128a.elf.dir/main.c.obj (symbol from plugin)
servo.c.2623a49a                                  /tmp/ccWHNT0k.debug.temp.o
                                                  /tmp/cc3yc2ft.ltrans0.ltrans.o
snprintf                                          /opt/microchip/avr-gcc/bin/../lib/gcc/avr/15.1.0/../../../../avr/lib/avr51/libc.a(snprintf.o)
                                                  /tmp/cc3yc2ft.ltrans0.ltrans.o
strnlen                                           /opt/microchip/avr-gcc/bin/../lib/gcc/avr/15.1.0/../../../../avr/lib/avr51/libc.a(strnlen.o)
                                                  /opt/microchip/avr-gcc/bin/../lib/gcc/avr/15.1.0/../../../../avr/lib/avr51/libc.a(vfprintf_std.o)
strnlen_P                                         /opt/microchip/avr-gcc/bin/../lib/gcc/avr/15.1.0/../../../../avr/lib/avr51/libc.a(strnlen_P.o)
                                                  /opt/microchip/avr-gcc/bin/../lib/gcc/avr/15.1.0/../../../../avr/lib/avr51/libc.a(vfprintf_std.o)
system_millis_elapsed                             CMakeFiles/atmega128a.elf.dir/system_timer.c.obj (symbol from plugin)
                                                  CMakeFiles/atmega128a.elf.dir/main.c.obj (symbol from plugin)
system_millis_get                                 CMakeFiles/atmega128a.elf.dir/system_timer.c.obj (symbol from plugin)
                                                  CMakeFiles/atmega128a.elf.dir/main.c.obj (symbol from plugin)
system_timer.c.6f22e685                           /tmp/ccSsrrED.debug.temp.o
                                                  /tmp/cc3yc2ft.ltrans0.ltrans.o
system_timer_init                                 CMakeFiles/atmega128a.elf.dir/system_timer.c.obj (symbol from plugin)
                                                  CMakeFiles/atmega128a.elf.dir/fndtimer.c.obj (symbol from plugin)
system_timer_tick                                 CMakeFiles/atmega128a.elf.dir/system_timer.c.obj (symbol from plugin)
                                                  CMakeFiles/atmega128a.elf.dir/fndtimer.c.obj (symbol from plugin)
timer_display_update                              CMakeFiles/atmega128a.elf.dir/fndtimer.c.obj (symbol from plugin)
                                                  CMakeFiles/atmega128a.elf.dir/main.c.obj (symbol from plugin)
timer_parse_input                                 CMakeFiles/atmega128a.elf.dir/fndtimer.c.obj (symbol from plugin)
timer_uart_update                                 CMakeFiles/atmega128a.elf.dir/fndtimer.c.obj (symbol from plugin)
                                                  CMakeFiles/atmega128a.elf.dir/main.c.obj (symbol from plugin)
uart0_init                                        CMakeFiles/atmega128a.elf.dir/fndtimer.c.obj (symbol from plugin)
                                                  CMakeFiles/atmega128a.elf.dir/main.c.obj (symbol from plugin)
uart0_receive                                     CMakeFiles/atmega128a.elf.dir/fndtimer.c.obj (symbol from plugin)
uart0_receive_ready                               CMakeFiles/atmega128a.elf.dir/fndtimer.c.obj (symbol from plugin)
uart0_transmit                                    CMakeFiles/atmega128a.elf.dir/fndtimer.c.obj (symbol from plugin)
uart0_transmit_ready                              CMakeFiles/atmega128a.elf.dir/fndtimer.c.obj (symbol from plugin)
vfprintf                                          /opt/microchip/avr-gcc/bin/../lib/gcc/avr/15.1.0/../../../../avr/lib/avr51/libc.a(vfprintf_std.o)
                                                  /opt/microchip/avr-gcc/bin/../lib/gcc/avr/15.1.0/../../../../avr/lib/avr51/libc.a(snprintf.o)
